
[1m[30m[46m RUN [49m[39m[22m [36mv4.1.6 [39m[90mC:/code/zui/packages/ui-vue[39m

 [32m✓[39m tests/provider.spec.ts [2m([22m[2m29 tests[22m[2m)[22m[33m 457[2mms[22m[39m
 [32m✓[39m tests/z-button.spec.ts [2m([22m[2m19 tests[22m[2m)[22m[33m 446[2mms[22m[39m
 [32m✓[39m tests/z-display-phase-beta.spec.ts [2m([22m[2m22 tests[22m[2m)[22m[33m 586[2mms[22m[39m
 [32m✓[39m tests/z-phase-beta-batch-3.spec.ts [2m([22m[2m16 tests[22m[2m)[22m[33m 487[2mms[22m[39m
 [32m✓[39m tests/z-phase-beta-batch-5.spec.ts [2m([22m[2m16 tests[22m[2m)[22m[33m 639[2mms[22m[39m
 [31m❯[39m tests/icon.spec.ts [2m([22m[2m35 tests[22m[2m | [22m[31m1 failed[39m[2m)[22m[33m 599[2mms[22m[39m
     [32m✓[39m slot 模式:渲染 default slot 内容[32m 38[2mms[22m[39m
     [32m✓[39m component prop 模式:渲染传入组件[32m 45[2mms[22m[39m
     [32m✓[39m slot 优先于 component prop[32m 7[2mms[22m[39m
     [32m✓[39m 默认根元素是 <i>[32m 13[2mms[22m[39m
     [32m✓[39m tag prop 切换根元素[32m 8[2mms[22m[39m
[31m     [31m×[31m default(未传 size)→ width:1iem / height:1iem(calc(1 * var(--zui-iem, 16px)))[39m[32m 42[2mms[22m[39m
     [32m✓[39m size factory → w.iem(1.25) → width + height 都 1.25iem(镜像)[32m 4[2mms[22m[39m
     [32m✓[39m size factory → w.em(0.75) → width + height 都 0.75em(镜像)[32m 6[2mms[22m[39m
     [32m✓[39m size factory → w.em(1.5) → 镜像[32m 5[2mms[22m[39m
     [32m✓[39m size factory → w.em(1.125) 任意倍率镜像[32m 13[2mms[22m[39m
     [32m✓[39m size factory → w.iem(1.5) 跟随 :iem 基准(width + height 同一 calc)[32m 9[2mms[22m[39m
     [32m✓[39m size factory → w.em(1.25) 跟父字号(em 而非 iem)[32m 5[2mms[22m[39m
     [32m✓[39m size factory → w.px(20) 字面量镜像[32m 35[2mms[22m[39m
     [32m✓[39m css 单独覆盖 width / height(非正方形)[32m 34[2mms[22m[39m
     [32m✓[39m default(未传 color)→ currentColor[32m 5[2mms[22m[39m
     [32m✓[39m color factory → schema token c => c._primary[32m 4[2mms[22m[39m
     [32m✓[39m color factory → c => c._danger[32m 7[2mms[22m[39m
     [32m✓[39m color factory → token + modifier c => c._primary.alpha(50)[32m 26[2mms[22m[39m
     [32m✓[39m color factory → 字面量 c => c("#ff00aa")[32m 5[2mms[22m[39m
     [32m✓[39m default(未传 depth)→ className 不含 opacity rule[32m 3[2mms[22m[39m
     [32m✓[39m depth factory → 字面量 o => o(0.8)[32m 52[2mms[22m[39m
     [32m✓[39m depth factory → schema token o => o._half[32m 9[2mms[22m[39m
     [32m✓[39m depth factory → schema token o => o._strong[32m 9[2mms[22m[39m
     [32m✓[39m default(未传 spin)→ className 不含 animation[32m 42[2mms[22m[39m
     [32m✓[39m spin factory → d => d.s(1):自动加 name / iteration / timing,duration=1s[32m 7[2mms[22m[39m
     [32m✓[39m spin factory → d => d.ms(300)[32m 6[2mms[22m[39m
     [32m✓[39m spin factory → d => d._middle schema token(300ms)[32m 3[2mms[22m[39m
     [32m✓[39m spin factory → d => d.s(3) 最慢[32m 40[2mms[22m[39m
     [32m✓[39m css 覆盖 spin 的 timing(自定义 easing)[32m 32[2mms[22m[39m
     [32m✓[39m 在根元素写任意 CSS 属性[32m 31[2mms[22m[39m
     [32m✓[39m 支持 _hover 伪类[32m 4[2mms[22m[39m
     [32m✓[39m 覆盖 color factory(css 后置优先)[32m 5[2mms[22m[39m
     [32m✓[39m css 内嵌套 color factory:_hover(h => h.color(c => c._danger))[32m 4[2mms[22m[39m
     [32m✓[39m 未传 label → aria-hidden="true"[32m 6[2mms[22m[39m
     [32m✓[39m 传 label → aria-label + role="img",去掉 aria-hidden[32m 32[2mms[22m[39m
 [32m✓[39m tests/z-select.spec.ts [2m([22m[2m10 tests[22m[2m)[22m[33m 852[2mms[22m[39m
 [32m✓[39m tests/z-phase-beta-batch.spec.ts [2m([22m[2m17 tests[22m[2m)[22m[33m 815[2mms[22m[39m
 [32m✓[39m tests/z-phase-gamma-batch-2.spec.ts [2m([22m[2m20 tests[22m[2m)[22m[33m 920[2mms[22m[39m
 [32m✓[39m tests/z-phase-beta-upgrades.spec.ts [2m([22m[2m17 tests[22m[2m)[22m[33m 1224[2mms[22m[39m
 [32m✓[39m tests/z-phase-gamma-batch-3.spec.ts [2m([22m[2m10 tests[22m[2m)[22m[33m 1375[2mms[22m[39m
 [31m❯[39m tests/z-gene-phase-beta.spec.ts [2m([22m[2m23 tests[22m[2m | [22m[31m1 failed[39m[2m)[22m[33m 328[2mms[22m[39m
     [32m✓[39m src 显示 img + alt[32m 40[2mms[22m[39m
     [32m✓[39m 图片加载失败 → fallback 到 text[32m 14[2mms[22m[39m
     [32m✓[39m default slot 优先[32m 5[2mms[22m[39m
     [32m✓[39m shape=square → 方形圆角(非完全圆)[32m 67[2mms[22m[39m
[31m     [31m×[31m size 数字 → px[39m[32m 37[2mms[22m[39m
     [32m✓[39m 默认 variant=soft[32m 8[2mms[22m[39m
     [32m✓[39m closable → 渲染关闭按钮 + emit close[32m 46[2mms[22m[39m
     [32m✓[39m variant=filled → schema color 背景(不再用 currentColor 桥接,2026-05-23 重构)[32m 5[2mms[22m[39m
     [32m✓[39m round=true → 圆角胶囊[32m 5[2mms[22m[39m
     [32m✓[39m value=5 → 显示 5[32m 23[2mms[22m[39m
     [32m✓[39m value=0 + showZero=false → 不显示[32m 4[2mms[22m[39m
     [32m✓[39m value=0 + showZero=true → 显示 0[32m 5[2mms[22m[39m
     [32m✓[39m value > max → "max+"[32m 3[2mms[22m[39m
     [32m✓[39m dot=true → 不显数字,只显小圆点[32m 4[2mms[22m[39m
     [32m✓[39m 有 default slot → wrapper position:relative[32m 4[2mms[22m[39m
     [32m✓[39m 默认 inline=true → <code>[32m 5[2mms[22m[39m
     [32m✓[39m inline=false → <pre><code>[32m 24[2mms[22m[39m
     [32m✓[39m 字体走 mono[32m 3[2mms[22m[39m
     [32m✓[39m 渲染 <blockquote>[32m 4[2mms[22m[39m
     [32m✓[39m 左侧 border-left 4px[32m 3[2mms[22m[39m
     [32m✓[39m 默认 lines=1 → 单行 ellipsis 三件套[32m 7[2mms[22m[39m
     [32m✓[39m lines=3 → -webkit-line-clamp:3[32m 3[2mms[22m[39m
     [32m✓[39m tag prop 切换根元素[32m 3[2mms[22m[39m
 [32m✓[39m tests/z-input-number.spec.ts [2m([22m[2m8 tests[22m[2m)[22m[32m 246[2mms[22m[39m
 [32m✓[39m tests/z-modal.spec.ts [2m([22m[2m7 tests[22m[2m)[22m[32m 228[2mms[22m[39m
 [32m✓[39m tests/z-checkbox.spec.ts [2m([22m[2m7 tests[22m[2m)[22m[33m 415[2mms[22m[39m
 [32m✓[39m tests/text.spec.ts [2m([22m[2m21 tests[22m[2m)[22m[33m 845[2mms[22m[39m
 [32m✓[39m tests/z-phase-beta-batch-4.spec.ts [2m([22m[2m10 tests[22m[2m)[22m[33m 966[2mms[22m[39m
     [33m[2m✓[22m[39m input + options 渲染 [33m 336[2mms[22m[39m
 [32m✓[39m tests/z-pagination.spec.ts [2m([22m[2m8 tests[22m[2m)[22m[33m 1343[2mms[22m[39m
     [33m[2m✓[22m[39m 总页数 = ceil(total / pageSize) [33m 430[2mms[22m[39m
     [33m[2m✓[22m[39m 当前页 aria-current=page [33m 314[2mms[22m[39m
 [32m✓[39m tests/z-alert.spec.ts [2m([22m[2m10 tests[22m[2m)[22m[33m 954[2mms[22m[39m
 [32m✓[39m tests/z-phase-gamma.spec.ts [2m([22m[2m16 tests[22m[2m)[22m[33m 915[2mms[22m[39m
 [32m✓[39m tests/z-tooltip.spec.ts [2m([22m[2m4 tests[22m[2m)[22m[33m 630[2mms[22m[39m
 [32m✓[39m tests/z-table.spec.ts [2m([22m[2m9 tests[22m[2m)[22m[32m 281[2mms[22m[39m
 [32m✓[39m tests/z-menu.spec.ts [2m([22m[2m7 tests[22m[2m)[22m[32m 278[2mms[22m[39m
 [32m✓[39m tests/z-spin.spec.ts [2m([22m[2m9 tests[22m[2m)[22m[32m 178[2mms[22m[39m
 [32m✓[39m tests/divider.spec.ts [2m([22m[2m17 tests[22m[2m)[22m[32m 172[2mms[22m[39m
 [32m✓[39m tests/z-input.spec.ts [2m([22m[2m10 tests[22m[2m)[22m[32m 267[2mms[22m[39m
 [32m✓[39m tests/z-form.spec.ts [2m([22m[2m7 tests[22m[2m)[22m[32m 266[2mms[22m[39m
 [32m✓[39m tests/z-drawer.spec.ts [2m([22m[2m6 tests[22m[2m)[22m[33m 506[2mms[22m[39m
 [32m✓[39m tests/z-popover.spec.ts [2m([22m[2m5 tests[22m[2m)[22m[33m 424[2mms[22m[39m
 [32m✓[39m tests/z-breadcrumb.spec.ts [2m([22m[2m6 tests[22m[2m)[22m[32m 209[2mms[22m[39m
 [32m✓[39m tests/z-message.spec.ts [2m([22m[2m7 tests[22m[2m)[22m[32m 282[2mms[22m[39m
 [32m✓[39m tests/link.spec.ts [2m([22m[2m17 tests[22m[2m)[22m[32m 297[2mms[22m[39m
 [32m✓[39m tests/z-tabs.spec.ts [2m([22m[2m8 tests[22m[2m)[22m[33m 545[2mms[22m[39m
 [32m✓[39m tests/title.spec.ts [2m([22m[2m18 tests[22m[2m)[22m[33m 308[2mms[22m[39m
 [32m✓[39m tests/paragraph.spec.ts [2m([22m[2m10 tests[22m[2m)[22m[32m 215[2mms[22m[39m
 [32m✓[39m tests/z-card.spec.ts [2m([22m[2m10 tests[22m[2m)[22m[33m 322[2mms[22m[39m
 [32m✓[39m tests/z-radio.spec.ts [2m([22m[2m5 tests[22m[2m)[22m[33m 323[2mms[22m[39m
 [32m✓[39m tests/z-grid.spec.ts [2m([22m[2m9 tests[22m[2m)[22m[32m 112[2mms[22m[39m
 [32m✓[39m tests/use-ripple.spec.ts [2m([22m[2m6 tests[22m[2m)[22m[32m 140[2mms[22m[39m
 [32m✓[39m tests/z-switch.spec.ts [2m([22m[2m6 tests[22m[2m)[22m[32m 107[2mms[22m[39m
 [32m✓[39m tests/z-textarea.spec.ts [2m([22m[2m5 tests[22m[2m)[22m[32m 91[2mms[22m[39m
 [32m✓[39m tests/z-flex.spec.ts [2m([22m[2m11 tests[22m[2m)[22m[32m 137[2mms[22m[39m
 [32m✓[39m tests/z-space.spec.ts [2m([22m[2m6 tests[22m[2m)[22m[32m 88[2mms[22m[39m
 [32m✓[39m tests/z-spacer.spec.ts [2m([22m[2m6 tests[22m[2m)[22m[32m 70[2mms[22m[39m
 [32m✓[39m tests/use-portal.spec.ts [2m([22m[2m4 tests[22m[2m)[22m[32m 50[2mms[22m[39m
 [32m✓[39m tests/use-escape-stack.spec.ts [2m([22m[2m5 tests[22m[2m)[22m[32m 38[2mms[22m[39m
 [32m✓[39m tests/use-popper.spec.ts [2m([22m[2m3 tests[22m[2m)[22m[32m 30[2mms[22m[39m
 [32m✓[39m tests/use-z-id.spec.ts [2m([22m[2m3 tests[22m[2m)[22m[32m 23[2mms[22m[39m

[2m Test Files [22m [1m[31m2 failed[39m[22m[2m | [22m[1m[32m46 passed[39m[22m[90m (48)[39m
[2m      Tests [22m [1m[31m2 failed[39m[22m[2m | [22m[1m[32m538 passed[39m[22m[90m (540)[39m
[2m   Start at [22m 15:20:04
[2m   Duration [22m 380.11s[2m (transform 68.96s, setup 0ms, import 3818.97s, tests 21.03s, environment 102.26s)[22m

undefined
C:\code\zui\packages\ui-vue:
 ERR_PNPM_RECURSIVE_EXEC_FIRST_FAIL  Command failed with exit code 1: vitest run --reporter=default
